[www.google.com/chrome/update/index.html]
[backblue.gif]
[fade.gif]
[index.html]
[www.google.com/chrome/static/images/favicons/favicon-16x16.png]
[www.google.com/chrome/static/images/favicons/favicon-32x32.png]
[www.google.com/chrome/static/images/favicons/favicon-96x96.png]
[www.google.com/chrome/static/images/favicons/android-icon-192x192.png]
[www.google.com/chrome/static/images/favicons/apple-icon-57x57.png]
[www.google.com/chrome/static/images/favicons/apple-icon-60x60.png]
[www.google.com/chrome/static/images/favicons/apple-icon-72x72.png]
[www.google.com/chrome/static/images/favicons/apple-icon-76x76.png]
[www.google.com/chrome/static/images/favicons/apple-icon-114x114.png]
[www.google.com/chrome/static/images/favicons/apple-icon-120x120.png]
[www.google.com/chrome/static/images/favicons/apple-icon-144x144.png]
[www.google.com/chrome/static/images/favicons/apple-icon-152x152.png]
[www.google.com/chrome/static/images/favicons/apple-icon-180x180.png]
[www.google.com/chrome/static/images/tips/og.png]
[www.google.com/chrome/update/string, document.e.delayed]
[www.google-analytics.com/analytics.js]
[www.gstatic.com/external_hosted/autotrack/autotrack.js]
[www.google.com/chrome/static/images/fallback/google-chrome-logo.jpg]
[www.google.com/chrome/static/images/updates/automaticUpdates.jpg]
[www.google.com/chrome/static/images/fallback/update/update_green.jpg]
[www.google.com/chrome/static/images/fallback/update/update_yellow.jpg]
[www.google.com/chrome/static/images/fallback/update/update_red.jpg]
[www.google.com/chrome/static/images/updates/pendingUpdates.jpg]
[www.google.com/chrome/static/images/fallback/icon-youtube.jpg]
[www.google.com/chrome/static/images/fallback/icon-twitter.jpg]
[www.google.com/chrome/static/images/fallback/icon-fb.jpg]
[www.google.com/chrome/static/images/fallback/google-footer-logo.jpg]
[www.google.com/chrome/static/images/fallback/icon-help.jpg]
[www.google.com/chrome/static/images/chrome-logo-new.png]
[www.google.com/chrome/static/images/chrome_throbber_fast.gif]
[www.gstatic.com/external_hosted/intersectionobserver_polyfill/intersection-observer.min.js]
[www.gstatic.com/external_hosted/scrollmagic/ScrollMagic.min.js]
[www.gstatic.com/external_hosted/scrollmagic/animation.gsap.min.js]
[www.google.com/chrome/static/js/pages/update/main.min.js]
[www.google.com/chrome/static/js/installer.min.js]
[www.google.com/chrome/update/index.html]
[www.google.com/chrome/update/string, document.html]
[www.googletagmanager.com/gtm5445.html]
[www.google.com/chrome/static/images/close-icon.png]
[www.google.com/chrome/static/images/close-icon-2x.png]
[www.google.com/chrome/static/images/canary/devices.png]
[www.google.com/chrome/static/images/canary/devices-2x.png]
[www.google.com/chrome/static/images/dev/devices.png]
[www.google.com/chrome/static/images/dev/devices-2x.png]
[www.google.com/chrome/static/images/beta/devices.png]
[www.google.com/chrome/static/images/beta/devices-2x.png]
[www.google.com/chrome/static/css/pages/update/main.min.css]
[www.google.com/chrome/static/images/fallback/icon-x.jpg]
[www.google.com/chrome/static/images/fallback/canary/devices.jpg]
[www.google.com/chrome/static/images/fallback/dev/devices.jpg]
[www.google.com/chrome/static/images/fallback/beta/devices.jpg]
[www.google.com/chrome/static/images/fallback/cards/icon-star.jpg]
[www.google.com/chrome/static/images/fallback/cards/icon-star-full.jpg]
[www.google.com/chrome/static/images/fallback/thank-you-animation.png]
[www.google.com/chrome/static/images/fallback/benefits/benefits-icon-fast.jpg]
[www.google.com/chrome/static/images/fallback/benefits/benefits-icon-search.jpg]
[www.google.com/chrome/static/images/fallback/benefits/benefits-icon-shield.jpg]
[www.google.com/chrome/static/images/fallback/benefits/benefits-icon-world.jpg]
[www.google.com/chrome/static/css/fallback.min.css]
